Archive member included because of file (symbol)

contiki-z1.a(primac.o)        hello-world3.co (primac_driver)
contiki-z1.a(contiki-z1-plat)
                              obj_z1/contiki-z1-main.o (init_platform)
contiki-z1.a(msp430.o)        obj_z1/contiki-z1-main.o (splhigh_)
contiki-z1.a(leds.o)          obj_z1/contiki-z1-main.o (leds_init)
contiki-z1.a(watchdog.o)      obj_z1/contiki-z1-main.o (watchdog_start)
contiki-z1.a(xmem.o)          obj_z1/contiki-z1-main.o (xmem_init)
contiki-z1.a(spi.o)           contiki-z1.a(xmem.o) (spi_init)
contiki-z1.a(cc2420.o)        contiki-z1.a(primac.o) (cc2420_get_channel)
contiki-z1.a(cc2420-arch.o)   contiki-z1.a(cc2420.o) (cc2420_arch_init)
contiki-z1.a(node-id.o)       obj_z1/contiki-z1-main.o (node_id_restore)
contiki-z1.a(sensors.o)       contiki-z1.a(contiki-z1-plat) (sensors_process)
contiki-z1.a(button-sensor.o)
                              obj_z1/contiki-z1-main.o (button_sensor)
contiki-z1.a(uart0.o)         obj_z1/contiki-z1-main.o (uart0_active)
contiki-z1.a(uart0-putchar.o)
                              obj_z1/contiki-z1-main.o (putchar)
contiki-z1.a(tmp102.o)        contiki-z1.a(primac.o) (tmp102_init)
contiki-z1.a(i2cmaster.o)     contiki-z1.a(tmp102.o) (i2c_receiveinit)
contiki-z1.a(adxl345.o)       obj_z1/contiki-z1-main.o (accm_init)
contiki-z1.a(clock.o)         contiki-z1.a(primac.o) (clock_time)
contiki-z1.a(leds-arch.o)     contiki-z1.a(leds.o) (leds_arch_init)
contiki-z1.a(rtimer-arch.o)   obj_z1/contiki-z1-main.o (rtimer_arch_now)
contiki-z1.a(autostart.o)     obj_z1/contiki-z1-main.o (autostart_start)
contiki-z1.a(compower.o)      contiki-z1.a(primac.o) (compower_accumulate)
contiki-z1.a(ctimer.o)        obj_z1/contiki-z1-main.o (ctimer_init)
contiki-z1.a(energest.o)      obj_z1/contiki-z1-main.o (energest_init)
contiki-z1.a(etimer.o)        contiki-z1.a(clock.o) (etimer_request_poll)
contiki-z1.a(process.o)       contiki-z1.a(ctimer.o) (process_current)
contiki-z1.a(rtimer.o)        obj_z1/contiki-z1-main.o (rtimer_init)
contiki-z1.a(timer.o)         contiki-z1.a(button-sensor.o) (timer_set)
contiki-z1.a(serial-line.o)   obj_z1/contiki-z1-main.o (serial_line_input_byte)
contiki-z1.a(list.o)          contiki-z1.a(primac.o) (list_init)
contiki-z1.a(memb.o)          contiki-z1.a(primac.o) (memb_init)
contiki-z1.a(random.o)        contiki-z1.a(primac.o) (random_init)
contiki-z1.a(ringbuf.o)       contiki-z1.a(serial-line.o) (ringbuf_init)
contiki-z1.a(rime.o)          obj_z1/contiki-z1-main.o (rime_driver)
contiki-z1.a(linkaddr.o)      obj_z1/contiki-z1-main.o (linkaddr_copy)
contiki-z1.a(packetbuf.o)     contiki-z1.a(primac.o) (packetbuf_compact)
contiki-z1.a(queuebuf.o)      contiki-z1.a(rime.o) (queuebuf_init)
contiki-z1.a(framer-802154.o)
                              contiki-z1.a(primac.o) (framer_802154)
contiki-z1.a(framer.o)        contiki-z1.a(framer-802154.o) (framer_canonical_create_and_secure)
contiki-z1.a(nullmac.o)       obj_z1/contiki-z1-main.o (nullmac_driver)
contiki-z1.a(nullsec.o)       contiki-z1.a(rime.o) (nullsec_driver)
contiki-z1.a(abc.o)           contiki-z1.a(rime.o) (abc_input)
contiki-z1.a(announcement.o)  contiki-z1.a(rime.o) (announcement_init)
contiki-z1.a(broadcast-annou)
                              contiki-z1.a(rime.o) (broadcast_announcement_init)
contiki-z1.a(broadcast.o)     contiki-z1.a(broadcast-annou) (broadcast_open)
contiki-z1.a(chameleon.o)     contiki-z1.a(rime.o) (chameleon_init)
contiki-z1.a(channel.o)       contiki-z1.a(chameleon.o) (channel_init)
contiki-z1.a(frame802154.o)   contiki-z1.a(framer-802154.o) (frame802154_hdrlen)
contiki-z1.a(chameleon-bitop)
                              contiki-z1.a(chameleon.o) (chameleon_bitopt)
/usr/lib/gcc/msp430/4.6.3/mcpu-430x/mmpy-16/libgcc.a(_mulsi3.o)
                              contiki-z1.a(primac.o) (__mulsi3)
/usr/lib/gcc/msp430/4.6.3/mcpu-430x/mmpy-16/libgcc.a(_udivmod16.o)
                              contiki-z1.a(primac.o) (__umodhi3)
/usr/lib/gcc/msp430/4.6.3/mcpu-430x/mmpy-16/libgcc.a(_divmod16.o)
                              contiki-z1.a(tmp102.o) (__divhi3)
/usr/lib/gcc/msp430/4.6.3/mcpu-430x/mmpy-16/libgcc.a(_udivmod32.o)
                              obj_z1/contiki-z1-main.o (__udivsi3)
/usr/lib/gcc/msp430/4.6.3/../../../../msp430/lib/mcpu-430x/mmpy-16/libc.a(strncmp.o)
                              contiki-z1.a(sensors.o) (strncmp)
/usr/lib/gcc/msp430/4.6.3/../../../../msp430/lib/mcpu-430x/mmpy-16/libc.a(memcmp.o)
                              contiki-z1.a(linkaddr.o) (memcmp)
/usr/lib/gcc/msp430/4.6.3/../../../../msp430/lib/mcpu-430x/mmpy-16/libc.a(memcpy.o)
                              contiki-z1.a(primac.o) (memcpy)
/usr/lib/gcc/msp430/4.6.3/../../../../msp430/lib/mcpu-430x/mmpy-16/libc.a(memset.o)
                              obj_z1/contiki-z1-main.o (memset)
/usr/lib/gcc/msp430/4.6.3/../../../../msp430/lib/mcpu-430x/mmpy-16/libc.a(printf.o)
                              obj_z1/contiki-z1-main.o (printf)
[...]
Memory Configuration

Name             Origin             Length             Attributes
sfr              0x00000000         0x00000010
peripheral_8bit  0x00000010         0x000000f0
peripheral_16bit 0x00000100         0x00000100
ram_mirror       0x00000200         0x00000800         xw
infomem          0x00001000         0x00000100
infod            0x00001000         0x00000040
infoc            0x00001040         0x00000040
infob            0x00001080         0x00000040
infoa            0x000010c0         0x00000040
ram              0x00001100         0x00002000         xw
rom              0x00003100         0x0000cebe         xr
vectors          0x0000ffc0         0x00000040
far_rom          0x00010000         0x0000a000
bsl              0x00000000         0x00000000
ram2             0x00000000         0x00000000         xw
usbram           0x00000000         0x00000000         xw
*default*        0x00000000         0xffffffff

Linker script and memory map

LOAD /usr/lib/gcc/msp430/4.6.3/mcpu-430x/mmpy-16/crt0ivtbl32.o
                0x00000041                __P1SEL2 = 0x41
                0x00000045                __P5SEL2 = 0x45
LOAD hello-world3.co
LOAD obj_z1/contiki-z1-main.o
LOAD contiki-z1.a
LOAD /usr/lib/gcc/msp430/4.6.3/mcpu-430x/mmpy-16/libgcc.a
LOAD /usr/lib/gcc/msp430/4.6.3/../../../../msp430/lib/mcpu-430x/mmpy-16/libc.a
LOAD /usr/lib/gcc/msp430/4.6.3/mcpu-430x/mmpy-16/libgcc.a
LOAD /usr/lib/gcc/msp430/4.6.3/mcpu-430x/mmpy-16/libcrt0.a
                0x00000040                PROVIDE (__info_segment_size, 0x40)
                0x00001000                PROVIDE (__infod, 0x1000)
                0x00001040                PROVIDE (__infoc, 0x1040)
                0x00001080                PROVIDE (__infob, 0x1080)
                0x000010c0                PROVIDE (__infoa, 0x10c0)
                0x00000000                __IE1 = 0x0
                0x00000002                __IFG1 = 0x2
                0x00000001                __IE2 = 0x1
                0x00000003                __IFG2 = 0x3
                0x00000006                __UC1IE = 0x6
                0x00000007                __UC1IFG = 0x7
                0x000001a0                __ADC12CTL0 = 0x1a0
                0x000001a2                __ADC12CTL1 = 0x1a2
                0x000001a4                __ADC12IFG = 0x1a4
                0x000001a6                __ADC12IE = 0x1a6
                0x000001a8                __ADC12IV = 0x1a8
                0x00000140                __ADC12MEM0 = 0x140
                0x00000142                __ADC12MEM1 = 0x142
                0x00000144                __ADC12MEM2 = 0x144
                0x00000146                __ADC12MEM3 = 0x146
                0x00000148                __ADC12MEM4 = 0x148
                0x0000014a                __ADC12MEM5 = 0x14a
                0x0000014c                __ADC12MEM6 = 0x14c
                0x0000014e                __ADC12MEM7 = 0x14e
                0x00000150                __ADC12MEM8 = 0x150
                0x00000152                __ADC12MEM9 = 0x152
                0x00000154                __ADC12MEM10 = 0x154
                0x00000156                __ADC12MEM11 = 0x156
                0x00000158                __ADC12MEM12 = 0x158
                0x0000015a                __ADC12MEM13 = 0x15a
                0x0000015c                __ADC12MEM14 = 0x15c
                0x0000015e                __ADC12MEM15 = 0x15e
                0x00000080                __ADC12MCTL0 = 0x80
                0x00000081                __ADC12MCTL1 = 0x81
                0x00000082                __ADC12MCTL2 = 0x82
                0x00000083                __ADC12MCTL3 = 0x83
                0x00000084                __ADC12MCTL4 = 0x84
                0x00000085                __ADC12MCTL5 = 0x85
                0x00000086                __ADC12MCTL6 = 0x86
                0x00000087                __ADC12MCTL7 = 0x87
                0x00000088                __ADC12MCTL8 = 0x88
                0x00000089                __ADC12MCTL9 = 0x89
                0x0000008a                __ADC12MCTL10 = 0x8a
                0x0000008b                __ADC12MCTL11 = 0x8b
                0x0000008c                __ADC12MCTL12 = 0x8c
                0x0000008d                __ADC12MCTL13 = 0x8d
                0x0000008e                __ADC12MCTL14 = 0x8e
                0x0000008f                __ADC12MCTL15 = 0x8f
                0x00000056                __DCOCTL = 0x56
                0x00000057                __BCSCTL1 = 0x57
                0x00000058                __BCSCTL2 = 0x58
                0x00000053                __BCSCTL3 = 0x53
                0x00000059                __CACTL1 = 0x59
                0x0000005a                __CACTL2 = 0x5a
                0x0000005b                __CAPD = 0x5b
                0x000001c0                __DAC12_0CTL = 0x1c0
                0x000001c2                __DAC12_1CTL = 0x1c2
                0x000001c8                __DAC12_0DAT = 0x1c8
                0x000001ca                __DAC12_1DAT = 0x1ca
                0x00000122                __DMACTL0 = 0x122
                0x00000124                __DMACTL1 = 0x124
                0x00000126                __DMAIV = 0x126
                0x000001d0                __DMA0CTL = 0x1d0
                0x000001dc                __DMA1CTL = 0x1dc
                0x000001e8                __DMA2CTL = 0x1e8
                0x000001d2                __DMA0SA = 0x1d2
                0x000001d2                __DMA0SAL = 0x1d2
                0x000001d6                __DMA0DA = 0x1d6
                0x000001d6                __DMA0DAL = 0x1d6
                0x000001da                __DMA0SZ = 0x1da
                0x000001de                __DMA1SA = 0x1de
                0x000001de                __DMA1SAL = 0x1de
                0x000001e2                __DMA1DA = 0x1e2
                0x000001e2                __DMA1DAL = 0x1e2
                0x000001e6                __DMA1SZ = 0x1e6
                0x000001ea                __DMA2SA = 0x1ea
                0x000001ea                __DMA2SAL = 0x1ea
                0x000001ee                __DMA2DA = 0x1ee
                0x000001ee                __DMA2DAL = 0x1ee
                0x000001f2                __DMA2SZ = 0x1f2
                0x00000128                __FCTL1 = 0x128
                0x0000012a                __FCTL2 = 0x12a
                0x0000012c                __FCTL3 = 0x12c
                0x000001be                __FCTL4 = 0x1be
                0x00000130                __MPY = 0x130
                0x00000132                __MPYS = 0x132
                0x00000134                __MAC = 0x134
                0x00000136                __MACS = 0x136
                0x00000138                __OP2 = 0x138
                0x0000013a                __RESLO = 0x13a
                0x0000013c                __RESHI = 0x13c
                0x0000013e                __SUMEXT = 0x13e
                0x00000020                __P1IN = 0x20
                0x00000021                __P1OUT = 0x21
                0x00000022                __P1DIR = 0x22
                0x00000023                __P1IFG = 0x23
                0x00000024                __P1IES = 0x24
                0x00000025                __P1IE = 0x25
                0x00000026                __P1SEL = 0x26
                0x00000027                __P1REN = 0x27
                0x00000028                __P2IN = 0x28
                0x00000029                __P2OUT = 0x29
                0x0000002a                __P2DIR = 0x2a
                0x0000002b                __P2IFG = 0x2b
                0x0000002c                __P2IES = 0x2c
                0x0000002d                __P2IE = 0x2d
                0x0000002e                __P2SEL = 0x2e
                0x0000002f                __P2REN = 0x2f
                0x00000018                __P3IN = 0x18
                0x00000019                __P3OUT = 0x19
                0x0000001a                __P3DIR = 0x1a
                0x0000001b                __P3SEL = 0x1b
                0x00000010                __P3REN = 0x10
                0x0000001c                __P4IN = 0x1c
                0x0000001d                __P4OUT = 0x1d
                0x0000001e                __P4DIR = 0x1e
                0x0000001f                __P4SEL = 0x1f
                0x00000011                __P4REN = 0x11
                0x00000030                __P5IN = 0x30
                0x00000031                __P5OUT = 0x31
                0x00000032                __P5DIR = 0x32
                0x00000033                __P5SEL = 0x33
                0x00000012                __P5REN = 0x12
                0x00000034                __P6IN = 0x34
                0x00000035                __P6OUT = 0x35
                0x00000036                __P6DIR = 0x36
                0x00000037                __P6SEL = 0x37
                0x00000013                __P6REN = 0x13
                0x00000038                __P7IN = 0x38
                0x0000003a                __P7OUT = 0x3a
                0x0000003c                __P7DIR = 0x3c
                0x0000003e                __P7SEL = 0x3e
                0x00000014                __P7REN = 0x14
                0x00000039                __P8IN = 0x39
                0x0000003b                __P8OUT = 0x3b
                0x0000003d                __P8DIR = 0x3d
                0x0000003f                __P8SEL = 0x3f
                0x00000015                __P8REN = 0x15
                0x00000038                __PAIN = 0x38
                0x0000003a                __PAOUT = 0x3a
                0x0000003c                __PADIR = 0x3c
                0x0000003e                __PASEL = 0x3e
                0x00000014                __PAREN = 0x14
                0x00000055                __SVSCTL = 0x55
                0x0000012e                __TAIV = 0x12e
                0x00000160                __TACTL = 0x160
                0x00000162                __TACCTL0 = 0x162
                0x00000164                __TACCTL1 = 0x164
                0x00000166                __TACCTL2 = 0x166
                0x00000170                __TAR = 0x170
                0x00000172                __TACCR0 = 0x172
                0x00000174                __TACCR1 = 0x174
                0x00000176                __TACCR2 = 0x176
                0x0000011e                __TBIV = 0x11e
                0x00000180                __TBCTL = 0x180
                0x00000182                __TBCCTL0 = 0x182
                0x00000184                __TBCCTL1 = 0x184
                0x00000186                __TBCCTL2 = 0x186
                0x00000188                __TBCCTL3 = 0x188
                0x0000018a                __TBCCTL4 = 0x18a
                0x0000018c                __TBCCTL5 = 0x18c
                0x0000018e                __TBCCTL6 = 0x18e
                0x00000190                __TBR = 0x190
                0x00000192                __TBCCR0 = 0x192
                0x00000194                __TBCCR1 = 0x194
                0x00000196                __TBCCR2 = 0x196
                0x00000198                __TBCCR3 = 0x198
                0x0000019a                __TBCCR4 = 0x19a
                0x0000019c                __TBCCR5 = 0x19c
                0x0000019e                __TBCCR6 = 0x19e
                0x00000060                __UCA0CTL0 = 0x60
                0x00000061                __UCA0CTL1 = 0x61
                0x00000062                __UCA0BR0 = 0x62
                0x00000063                __UCA0BR1 = 0x63
                0x00000064                __UCA0MCTL = 0x64
                0x00000065                __UCA0STAT = 0x65
                0x00000066                __UCA0RXBUF = 0x66
                0x00000067                __UCA0TXBUF = 0x67
                0x0000005d                __UCA0ABCTL = 0x5d
                0x0000005e                __UCA0IRTCTL = 0x5e
                0x0000005f                __UCA0IRRCTL = 0x5f
                0x00000068                __UCB0CTL0 = 0x68
                0x00000069                __UCB0CTL1 = 0x69
                0x0000006a                __UCB0BR0 = 0x6a
                0x0000006b                __UCB0BR1 = 0x6b
                0x0000006c                __UCB0I2CIE = 0x6c
                0x0000006d                __UCB0STAT = 0x6d
                0x0000006e                __UCB0RXBUF = 0x6e
                0x0000006f                __UCB0TXBUF = 0x6f
                0x00000118                __UCB0I2COA = 0x118
                0x0000011a                __UCB0I2CSA = 0x11a
                0x000000d0                __UCA1CTL0 = 0xd0
                0x000000d1                __UCA1CTL1 = 0xd1
                0x000000d2                __UCA1BR0 = 0xd2
                0x000000d3                __UCA1BR1 = 0xd3
                0x000000d4                __UCA1MCTL = 0xd4
                0x000000d5                __UCA1STAT = 0xd5
                0x000000d6                __UCA1RXBUF = 0xd6
                0x000000d7                __UCA1TXBUF = 0xd7
                0x000000cd                __UCA1ABCTL = 0xcd
                0x000000ce                __UCA1IRTCTL = 0xce
                0x000000cf                __UCA1IRRCTL = 0xcf
                0x000000d8                __UCB1CTL0 = 0xd8
                0x000000d9                __UCB1CTL1 = 0xd9
                0x000000da                __UCB1BR0 = 0xda
                0x000000db                __UCB1BR1 = 0xdb
                0x000000dc                __UCB1I2CIE = 0xdc
                0x000000dd                __UCB1STAT = 0xdd
                0x000000de                __UCB1RXBUF = 0xde
                0x000000df                __UCB1TXBUF = 0xdf
                0x0000017c                __UCB1I2COA = 0x17c
                0x0000017e                __UCB1I2CSA = 0x17e
                0x00000120                __WDTCTL = 0x120
                0x000010c0                __TLV_CHECKSUM = 0x10c0
                0x000010f6                __TLV_DCO_30_TAG = 0x10f6
                0x000010f7                __TLV_DCO_30_LEN = 0x10f7
                0x000010da                __TLV_ADC12_1_TAG = 0x10da
                0x000010db                __TLV_ADC12_1_LEN = 0x10db
                0x000010f8                __CALDCO_16MHZ = 0x10f8
                0x000010f9                __CALBC1_16MHZ = 0x10f9
                0x000010fa                __CALDCO_12MHZ = 0x10fa
                0x000010fb                __CALBC1_12MHZ = 0x10fb
                0x000010fc                __CALDCO_8MHZ = 0x10fc
                0x000010fd                __CALBC1_8MHZ = 0x10fd
                0x000010fe                __CALDCO_1MHZ = 0x10fe
                0x000010ff                __CALBC1_1MHZ = 0x10ff

.hash
 *(.hash)

.dynsym
 *(.dynsym)

.dynstr
 *(.dynstr)

.gnu.version
 *(.gnu.version)

.gnu.version_d
 *(.gnu.version_d)

.gnu.version_r
 *(.gnu.version_r)

.rel.init
 *(.rel.init)

.rela.init
 *(.rela.init)

.rel.fini
 *(.rel.fini)

.rela.fini
 *(.rela.fini)

.rel.text
 *(.rel.text .rel.text.* .rel.gnu.linkonce.t.*)

.rela.text
 *(.rela.text .rela.text.* .rela.gnu.linkonce.t.*)

.rel.rodata
 *(.rel.rodata .rel.rodata.* .rel.gnu.linkonce.r.*)

.rela.rodata
 *(.rela.rodata .rela.rodata.* .rela.gnu.linkonce.r.*)

.rel.data
 *(.rel.data .rel.data.* .rel.gnu.linkonce.d.*)

.rela.data
 *(.rela.data .rela.data.* .rela.gnu.linkonce.d.*)

.rel.bss
 *(.rel.bss .rel.bss.* .rel.gnu.linkonce.b.*)

.rela.bss
 *(.rela.bss .rela.bss.* .rela.gnu.linkonce.b.*)

.rel.ctors
 *(.rel.ctors)

.rela.ctors
 *(.rela.ctors)

.rel.dtors
 *(.rel.dtors)

.rela.dtors
 *(.rela.dtors)

.rel.got
 *(.rel.got)

.rela.got
 *(.rela.got)

.rel.plt
 *(.rel.plt)

.rela.plt
 *(.rela.plt)

.text           0x00003100     0x5e38
                0x00003100                . = ALIGN (0x2)
 *(.init .init.*)
 *(.init0)
 .init0         0x00003100        0x0 /usr/lib/gcc/msp430/4.6.3/mcpu-430x/mmpy-16/libcrt0.a(_reset_vector__.o)
                0x00003100                _reset_vector__
 *(.init1)
 .init1         0x00003100        0xc /usr/lib/gcc/msp430/4.6.3/mcpu-430x/mmpy-16/libcrt0.a(__watchdog_support.o)
                0x00003100                __watchdog_support
 *(.init2)
 .init2         0x0000310c        0x4 /usr/lib/gcc/msp430/4.6.3/mcpu-430x/mmpy-16/libcrt0.a(__init_stack.o)
                0x0000310c                __init_stack
 *(.init3)
 .init3         0x00003110        0x0 /usr/lib/gcc/msp430/4.6.3/mcpu-430x/mmpy-16/libcrt0.a(__low_level_init.o)
                0x00003110                __low_level_init
 *(.init4)
 .init4         0x00003110       0x18 /usr/lib/gcc/msp430/4.6.3/mcpu-430x/mmpy-16/libcrt0.a(_copy_data.o)
                0x00003110                __do_copy_data
 .init4         0x00003128       0x16 /usr/lib/gcc/msp430/4.6.3/mcpu-430x/mmpy-16/libcrt0.a(_clear_bss.o)
                0x00003128                __do_clear_bss
 *(.init5)
 *(.init6)
 *(.init7)
 *(.init8)
 *(.init9)
 .init9         0x0000313e      0x2fa obj_z1/contiki-z1-main.o
                0x0000313e                main
 *(.fini9)
 .fini9         0x00003438        0x0 /usr/lib/gcc/msp430/4.6.3/mcpu-430x/mmpy-16/libcrt0.a(__stop_progExec__.o)
                0x00003438                __stop_progExec__
 *(.fini8)
 *(.fini7)
 *(.fini6)
 *(.fini5)
 *(.fini4)
 *(.fini3)
 *(.fini2)
 *(.fini1)
 *(.fini0)
 .fini0         0x00003438        0x6 /usr/lib/gcc/msp430/4.6.3/mcpu-430x/mmpy-16/libcrt0.a(_endless_loop__.o)
                0x00003438                _endless_loop__
 *(.fini .fini.*)
                0x0000343e                . = ALIGN (0x2)
                0x0000343e                __ctors_start = .
 *(.ctors)
                0x0000343e                __ctors_end = .
                0x0000343e                __dtors_start = .
 *(.dtors)
                0x0000343e                __dtors_end = .
                0x0000343e                . = ALIGN (0x2)
 *(.text .text.* .gnu.linkonce.t.*)
 .text          0x0000343e        0x4 /usr/lib/gcc/msp430/4.6.3/mcpu-430x/mmpy-16/crt0ivtbl32.o
                0x0000343e                __isr_14
                0x0000343e                __isr_4
                0x0000343e                __isr_29
                0x0000343e                __isr_11
                0x0000343e                __isr_5
                0x0000343e                __isr_2
                0x0000343e                __isr_10
                0x0000343e                __isr_7
                0x0000343e                __isr_0
                0x0000343e                __isr_28
                0x0000343e                __isr_8
                0x0000343e                __isr_20
                0x0000343e                __isr_3
                0x0000343e                __isr_12
                0x0000343e                __isr_13
                0x0000343e                __isr_27
                0x0000343e                __isr_9
                0x0000343e                __isr_30
                0x0000343e                __isr_6
                0x0000343e                __isr_22
                0x0000343e                __isr_1
                0x0000343e                __isr_15
                0x0000343e                __isr_21
 .text.process_thread_hello_world_process
                0x00003442       0xb2 hello-world3.co
 .text.pri_qsend_packet
                0x000034f4        0x2 contiki-z1.a(primac.o)
 .text.pri_init_control
                0x000034f6       0x16 contiki-z1.a(primac.o)
 .text.pri_state_period
                0x0000350c       0x2e contiki-z1.a(primac.o)
 .text.duty_cycle
                0x0000353a        0x6 contiki-z1.a(primac.o)
 .text.pri_free_list
                0x00003540       0x38 contiki-z1.a(primac.o)
 .text.packetbuf_set_addr
                0x00003578       0x14 contiki-z1.a(primac.o)
 .text.pri_compower_func
                0x0000358c       0x94 contiki-z1.a(primac.o)
 .text.start_grade
                0x00003620       0x36 contiki-z1.a(primac.o)
 .text.pri_qsend_list
                0x00003656        0xe contiki-z1.a(primac.o)
 .text.on       0x00003664       0x1a contiki-z1.a(primac.o)
 .text.pri_powercycle_turn_radio_on
                0x0000367e        0xe contiki-z1.a(primac.o)
 .text.turn_off
                0x0000368c       0x74 contiki-z1.a(primac.o)
 .text.pri_show_led
                0x00003700       0x34 contiki-z1.a(primac.o)
 .text.pri_init
                0x00003734      0x40e contiki-z1.a(primac.o)
 .text.init     0x00003b42       0x12 contiki-z1.a(primac.o)
 .text.turn_on  0x00003b54       0x22 contiki-z1.a(primac.o)
 .text.pri_powercycle_turn_radio_off
                0x00003b76       0x46 contiki-z1.a(primac.o)
 .text.send_probe_message
                0x00003bbc       0x72 contiki-z1.a(primac.o)
 .text.send_probe_message_ack
                0x00003c2e       0x80 contiki-z1.a(primac.o)
 .text.pri_schedule_powercycle_fixed
                0x00003cae       0x48 contiki-z1.a(primac.o)
 .text.send_cts
                0x00003cf6       0xca contiki-z1.a(primac.o)
 .text.pri_grade_proc.constprop.13
                0x00003dc0       0xb4 contiki-z1.a(primac.o)
 .text.pri_input_packet
                0x00003e74      0x8f8 contiki-z1.a(primac.o)
 .text.send_grade2
                0x0000476c      0x120 contiki-z1.a(primac.o)
                0x0000476c                send_grade2
 .text.pri_powercycle
                0x0000488c      0xbac contiki-z1.a(primac.o)
 .text.init_platform
                0x00005438        0xc contiki-z1.a(contiki-z1-plat)
                0x00005438                init_platform
 .text.msp430_init_dco
                0x00005444       0x28 contiki-z1.a(msp430.o)
                0x00005444                msp430_init_dco
 .text.splhigh_
                0x0000546c        0x8 contiki-z1.a(msp430.o)
                0x0000546c                splhigh_
 .text.msp430_sync_dco
                0x00005474       0x72 contiki-z1.a(msp430.o)
                0x00005474                msp430_sync_dco
 .text.msp430_cpu_init
                0x000054e6       0x2a contiki-z1.a(msp430.o)
                0x000054e6                msp430_cpu_init
 .text.show_leds
                0x00005510       0xee contiki-z1.a(leds.o)
 .text.leds_init
                0x000055fe        0xa contiki-z1.a(leds.o)
                0x000055fe                leds_init
 .text.leds_on  0x00005608        0xa contiki-z1.a(leds.o)
                0x00005608                leds_on
 .text.leds_off
                0x00005612        0xe contiki-z1.a(leds.o)
                0x00005612                leds_off
 .text.watchdog_interrupt
                0x00005620        0x6 contiki-z1.a(watchdog.o)
                0x00005620                __isr_26
                0x00005620                watchdog_interrupt
 .text.watchdog_start
                0x00005626       0x14 contiki-z1.a(watchdog.o)
                0x00005626                watchdog_start
 .text.watchdog_periodic
                0x0000563a       0x12 contiki-z1.a(watchdog.o)
                0x0000563a                watchdog_periodic
 .text.watchdog_stop
                0x0000564c       0x16 contiki-z1.a(watchdog.o)
                0x0000564c                watchdog_stop
 .text.watchdog_init
                0x00005662       0x14 contiki-z1.a(watchdog.o)
                0x00005662                watchdog_init
 .text.wait_ready
                0x00005676       0x4e contiki-z1.a(xmem.o)
 .text.xmem_init
                0x000056c4       0x1e contiki-z1.a(xmem.o)
                0x000056c4                xmem_init
 .text.xmem_pread
                0x000056e2       0xd0 contiki-z1.a(xmem.o)
                0x000056e2                xmem_pread
 .text.spi_init
                0x000057b2       0x38 contiki-z1.a(spi.o)
                0x000057b2                spi_init
 .text.get_object
                0x000057ea        0x4 contiki-z1.a(cc2420.o)
 .text.set_object
                0x000057ee        0x4 contiki-z1.a(cc2420.o)
 .text.strobe   0x000057f2       0x20 contiki-z1.a(cc2420.o)
 .text.getreg   0x00005812       0x50 contiki-z1.a(cc2420.o)
 .text.setreg   0x00005862       0x52 contiki-z1.a(cc2420.o)
 .text.write_ram
                0x000058b4       0x7e contiki-z1.a(cc2420.o)
 .text.write_fifo_buf
                0x00005932       0x40 contiki-z1.a(cc2420.o)
 .text.get_status
                0x00005972       0x24 contiki-z1.a(cc2420.o)
 .text.set_txpower
                0x00005996       0x26 contiki-z1.a(cc2420.o)
 .text.cc2420_receiving_packet
                0x000059bc        0xe contiki-z1.a(cc2420.o)
 .text.pending_packet
                0x000059ca        0xe contiki-z1.a(cc2420.o)
 .text.on       0x000059d8       0x1e contiki-z1.a(cc2420.o)
 .text.wait_for_transmission
                0x000059f6       0x22 contiki-z1.a(cc2420.o)
 .text.wait_for_status
                0x00005a18       0x26 contiki-z1.a(cc2420.o)
 .text.getrxdata
                0x00005a3e       0x54 contiki-z1.a(cc2420.o)
 .text.flushrx  0x00005a92       0x1a contiki-z1.a(cc2420.o)
 .text.off      0x00005aac       0x56 contiki-z1.a(cc2420.o)
 .text.RELEASE_LOCK
                0x00005b02       0x28 contiki-z1.a(cc2420.o)
 .text.set_key  0x00005b2a       0x18 contiki-z1.a(cc2420.o)
 .text.cc2420_prepare
                0x00005b42       0x38 contiki-z1.a(cc2420.o)
 .text.cc2420_on
                0x00005b7a       0x22 contiki-z1.a(cc2420.o)
                0x00005b7a                cc2420_on
 .text.cc2420_off
                0x00005b9c       0x30 contiki-z1.a(cc2420.o)
                0x00005b9c                cc2420_off
 .text.cc2420_cca
                0x00005bcc       0x5a contiki-z1.a(cc2420.o)
 .text.cc2420_read
                0x00005c26       0xac contiki-z1.a(cc2420.o)
 .text.process_thread_cc2420_process
                0x00005cd2       0x50 contiki-z1.a(cc2420.o)
 .text.encrypt  0x00005d22       0x8c contiki-z1.a(cc2420.o)
 .text.cc2420_get_channel
                0x00005dae        0x6 contiki-z1.a(cc2420.o)
                0x00005dae                cc2420_get_channel
 .text.cc2420_set_channel
                0x00005db4       0x3a contiki-z1.a(cc2420.o)
                0x00005db4                cc2420_set_channel
 .text.cc2420_set_pan_addr
                0x00005dee       0x4c contiki-z1.a(cc2420.o)
                0x00005dee                cc2420_set_pan_addr
 .text.cc2420_interrupt
                0x00005e3a       0x18 contiki-z1.a(cc2420.o)
                0x00005e3a                cc2420_interrupt
 .text.cc2420_set_txpower
                0x00005e52        0xe contiki-z1.a(cc2420.o)
                0x00005e52                cc2420_set_txpower
 .text.cc2420_get_txpower
                0x00005e60       0x1e contiki-z1.a(cc2420.o)
                0x00005e60                cc2420_get_txpower
 .text.cc2420_transmit
                0x00005e7e      0x122 contiki-z1.a(cc2420.o)
 .text.cc2420_send
                0x00005fa0       0x12 contiki-z1.a(cc2420.o)
 .text.cc2420_rssi
                0x00005fb2       0x48 contiki-z1.a(cc2420.o)
                0x00005fb2                cc2420_rssi
 .text.get_value
                0x00005ffa       0xa6 contiki-z1.a(cc2420.o)
 .text.cc2420_set_cca_threshold
                0x000060a0       0x16 contiki-z1.a(cc2420.o)
                0x000060a0                cc2420_set_cca_threshold
 .text.set_value
                0x000060b6       0x84 contiki-z1.a(cc2420.o)
 .text.cc2420_init
                0x0000613a       0xe2 contiki-z1.a(cc2420.o)
                0x0000613a                cc2420_init
 .text.cc2420_arch_init
                0x0000621c       0x1a contiki-z1.a(cc2420-arch.o)
                0x0000621c                cc2420_arch_init
 .text.node_id_restore
                0x00006236       0x4c contiki-z1.a(node-id.o)
                0x00006236                node_id_restore
 .text.process_thread_sensors_process
                0x00006282       0xbe contiki-z1.a(sensors.o)
 .text.sensors_changed
                0x00006340       0x2a contiki-z1.a(sensors.o)
                0x00006340                sensors_changed
 .text.status   0x0000636a       0x16 contiki-z1.a(button-sensor.o)
 .text.configure
                0x00006380       0x52 contiki-z1.a(button-sensor.o)
 .text.value    0x000063d2       0x22 contiki-z1.a(button-sensor.o)
 .text.irq_p2   0x000063f4       0x76 contiki-z1.a(button-sensor.o)
                0x000063f4                irq_p2
                0x000063f4                __isr_19
 .text.uart0_active
                0x0000646a        0xe contiki-z1.a(uart0.o)
                0x0000646a                uart0_active
 .text.uart0_set_input
                0x00006478        0x6 contiki-z1.a(uart0.o)
                0x00006478                uart0_set_input
 .text.uart0_writeb
                0x0000647e       0x18 contiki-z1.a(uart0.o)
                0x0000647e                uart0_writeb
 .text.uart0_init
                0x00006496       0x46 contiki-z1.a(uart0.o)
                0x00006496                uart0_init
 .text.uart0_rx_interrupt
                0x000064dc       0x66 contiki-z1.a(uart0.o)
                0x000064dc                __isr_23
                0x000064dc                uart0_rx_interrupt
 .text.putchar  0x00006542       0x10 contiki-z1.a(uart0-putchar.o)
                0x00006542                putchar
 .text.tmp102_init
                0x00006552       0x2e contiki-z1.a(tmp102.o)
                0x00006552                tmp102_init
 .text.i2c_receiveinit
                0x00006580       0x38 contiki-z1.a(i2cmaster.o)
                0x00006580                i2c_receiveinit
 .text.i2c_transmitinit
                0x000065b8       0x32 contiki-z1.a(i2cmaster.o)
                0x000065b8                i2c_transmitinit
 .text.i2c_receive_n
                0x000065ea       0x44 contiki-z1.a(i2cmaster.o)
                0x000065ea                i2c_receive_n
 .text.i2c_busy
                0x0000662e        0xa contiki-z1.a(i2cmaster.o)
                0x0000662e                i2c_busy
 .text.i2c_enable
                0x00006638       0x24 contiki-z1.a(i2cmaster.o)
                0x00006638                i2c_enable
 .text.i2c_transmit_n
                0x0000665c       0x14 contiki-z1.a(i2cmaster.o)
                0x0000665c                i2c_transmit_n
 .text.i2c_tx_interrupt
                0x00006670       0x8a contiki-z1.a(i2cmaster.o)
                0x00006670                __isr_16
                0x00006670                i2c_tx_interrupt
 .text.i2c_rx_interrupt
                0x000066fa       0x18 contiki-z1.a(i2cmaster.o)
                0x000066fa                i2c_rx_interrupt
                0x000066fa                __isr_17
 .text.accm_write_reg
                0x00006712       0x2e contiki-z1.a(adxl345.o)
                0x00006712                accm_write_reg
 .text.accm_write_stream
                0x00006740       0x2a contiki-z1.a(adxl345.o)
                0x00006740                accm_write_stream
 .text.accm_read_reg
                0x0000676a       0x54 contiki-z1.a(adxl345.o)
                0x0000676a                accm_read_reg
 .text.process_thread_accmeter_process
                0x000067be       0x56 contiki-z1.a(adxl345.o)
 .text.accm_init
                0x00006814       0x8a contiki-z1.a(adxl345.o)
                0x00006814                accm_init
 .text.port1_isr
                0x0000689e       0xc4 contiki-z1.a(adxl345.o)
                0x0000689e                port1_isr
                0x0000689e                __isr_18
 .text.timera1  0x00006962      0x10a contiki-z1.a(clock.o)
                0x00006962                __isr_24
                0x00006962                timera1
 .text.clock_time
                0x00006a6c       0x1a contiki-z1.a(clock.o)
                0x00006a6c                clock_time
 .text.clock_init
                0x00006a86       0x28 contiki-z1.a(clock.o)
                0x00006a86                clock_init
 .text.clock_delay
                0x00006aae        0xc contiki-z1.a(clock.o)
                0x00006aae                clock_delay
 .text.clock_wait
                0x00006aba       0x28 contiki-z1.a(clock.o)
                0x00006aba                clock_wait
 .text.leds_arch_init
                0x00006ae2        0xe contiki-z1.a(leds-arch.o)
                0x00006ae2                leds_arch_init
 .text.leds_arch_set
                0x00006af0       0x3a contiki-z1.a(leds-arch.o)
                0x00006af0                leds_arch_set
 .text.rtimer_arch_init
                0x00006b2a        0xe contiki-z1.a(rtimer-arch.o)
                0x00006b2a                rtimer_arch_init
 .text.rtimer_arch_now
                0x00006b38        0xe contiki-z1.a(rtimer-arch.o)
                0x00006b38                rtimer_arch_now
 .text.timera0  0x00006b46       0x5c contiki-z1.a(rtimer-arch.o)
                0x00006b46                __isr_25
                0x00006b46                timera0
 .text.rtimer_arch_schedule
                0x00006ba2        0x6 contiki-z1.a(rtimer-arch.o)
                0x00006ba2                rtimer_arch_schedule
 .text.autostart_start
                0x00006ba8       0x16 contiki-z1.a(autostart.o)
                0x00006ba8                autostart_start
 .text.compower_accumulate
                0x00006bbe       0x6a contiki-z1.a(compower.o)
                0x00006bbe                compower_accumulate
 .text.compower_clear
                0x00006c28       0x12 contiki-z1.a(compower.o)
                0x00006c28                compower_clear
 .text.compower_attrconv
                0x00006c3a       0x10 contiki-z1.a(compower.o)
                0x00006c3a                compower_attrconv
 .text.process_thread_ctimer_process
                0x00006c4a       0x9c contiki-z1.a(ctimer.o)
 .text.ctimer_init
                0x00006ce6       0x18 contiki-z1.a(ctimer.o)
                0x00006ce6                ctimer_init
 .text.ctimer_set
                0x00006cfe       0x48 contiki-z1.a(ctimer.o)
                0x00006cfe                ctimer_set
 .text.energest_init
                0x00006d46       0x28 contiki-z1.a(energest.o)
                0x00006d46                energest_init
 .text.energest_type_time
                0x00006d6e       0x3c contiki-z1.a(energest.o)
                0x00006d6e                energest_type_time
 .text.energest_type_set
                0x00006daa        0xc contiki-z1.a(energest.o)
                0x00006daa                energest_type_set
 .text.energest_flush
                0x00006db6       0x38 contiki-z1.a(energest.o)
                0x00006db6                energest_flush
 .text.update_time
                0x00006dee       0x70 contiki-z1.a(etimer.o)
 .text.etimer_request_poll
                0x00006e5e        0xa contiki-z1.a(etimer.o)
                0x00006e5e                etimer_request_poll
 .text.process_thread_etimer_process
                0x00006e68       0xc0 contiki-z1.a(etimer.o)
 .text.add_timer
                0x00006f28       0x40 contiki-z1.a(etimer.o)
 .text.etimer_set
                0x00006f68       0x12 contiki-z1.a(etimer.o)
                0x00006f68                etimer_set
 .text.etimer_expired
                0x00006f7a        0xe contiki-z1.a(etimer.o)
                0x00006f7a                etimer_expired
 .text.etimer_pending
                0x00006f88        0xc contiki-z1.a(etimer.o)
                0x00006f88                etimer_pending
 .text.etimer_next_expiration_time
                0x00006f94       0x16 contiki-z1.a(etimer.o)
                0x00006f94                etimer_next_expiration_time
 .text.call_process
                0x00006faa       0x46 contiki-z1.a(process.o)
 .text.exit_process
                0x00006ff0       0x8a contiki-z1.a(process.o)
 .text.do_poll  0x0000707a       0x30 contiki-z1.a(process.o)
 .text.process_alloc_event
                0x000070aa        0xe contiki-z1.a(process.o)
                0x000070aa                process_alloc_event
 .text.process_init
                0x000070b8       0x1c contiki-z1.a(process.o)
                0x000070b8                process_init
 .text.process_run
                0x000070d4       0xa4 contiki-z1.a(process.o)
                0x000070d4                process_run
 .text.process_nevents
                0x00007178        0xe contiki-z1.a(process.o)
                0x00007178                process_nevents
 .text.process_post
                0x00007186       0x50 contiki-z1.a(process.o)
                0x00007186                process_post
 .text.process_post_synch
                0x000071d6       0x12 contiki-z1.a(process.o)
                0x000071d6                process_post_synch
 .text.process_start
                0x000071e8       0x32 contiki-z1.a(process.o)
                0x000071e8                process_start
 .text.process_poll
                0x0000721a       0x18 contiki-z1.a(process.o)
                0x0000721a                process_poll
 .text.rtimer_init
                0x00007232        0x6 contiki-z1.a(rtimer.o)
                0x00007232                rtimer_init
 .text.rtimer_set
                0x00007238       0x24 contiki-z1.a(rtimer.o)
                0x00007238                rtimer_set
 .text.rtimer_run_next
                0x0000725c       0x26 contiki-z1.a(rtimer.o)
                0x0000725c                rtimer_run_next
 .text.timer_set
                0x00007282       0x1c contiki-z1.a(timer.o)
                0x00007282                timer_set
 .text.timer_expired
                0x0000729e       0x2a contiki-z1.a(timer.o)
                0x0000729e                timer_expired
 .text.process_thread_serial_line_process
                0x000072c8       0x9c contiki-z1.a(serial-line.o)
 .text.serial_line_input_byte
                0x00007364       0x4a contiki-z1.a(serial-line.o)
                0x00007364                serial_line_input_byte
 .text.serial_line_init
                0x000073ae       0x1c contiki-z1.a(serial-line.o)
                0x000073ae                serial_line_init
 .text.list_init
                0x000073ca        0x6 contiki-z1.a(list.o)
                0x000073ca                list_init
 .text.list_head
                0x000073d0        0x4 contiki-z1.a(list.o)
                0x000073d0                list_head
 .text.list_tail
                0x000073d4       0x12 contiki-z1.a(list.o)
                0x000073d4                list_tail
 .text.list_pop
                0x000073e6        0xe contiki-z1.a(list.o)
                0x000073e6                list_pop
 .text.list_remove
                0x000073f4       0x34 contiki-z1.a(list.o)
                0x000073f4                list_remove
 .text.list_add
                0x00007428       0x26 contiki-z1.a(list.o)
                0x00007428                list_add
 .text.list_length
                0x0000744e       0x10 contiki-z1.a(list.o)
                0x0000744e                list_length
 .text.list_item_next
                0x0000745e        0xc contiki-z1.a(list.o)
                0x0000745e                list_item_next
 .text.memb_init
                0x0000746a       0x36 contiki-z1.a(memb.o)
                0x0000746a                memb_init
 .text.memb_alloc
                0x000074a0       0x3e contiki-z1.a(memb.o)
                0x000074a0                memb_alloc
 .text.memb_free
                0x000074de       0x3a contiki-z1.a(memb.o)
                0x000074de                memb_free
 .text.memb_inmemb
                0x00007518       0x2e contiki-z1.a(memb.o)
                0x00007518                memb_inmemb
 .text.random_init
                0x00007546        0x6 contiki-z1.a(random.o)
                0x00007546                random_init
 .text.random_rand
                0x0000754c        0x6 contiki-z1.a(random.o)
                0x0000754c                random_rand
 .text.ringbuf_init
                0x00007552       0x14 contiki-z1.a(ringbuf.o)
                0x00007552                ringbuf_init
 .text.ringbuf_put
                0x00007566       0x38 contiki-z1.a(ringbuf.o)
                0x00007566                ringbuf_put
 .text.ringbuf_get
                0x0000759e       0x2e contiki-z1.a(ringbuf.o)
                0x0000759e                ringbuf_get
 .text.input    0x000075cc       0x36 contiki-z1.a(rime.o)
 .text.init     0x00007602       0x2e contiki-z1.a(rime.o)
 .text.packet_sent
                0x00007630       0x38 contiki-z1.a(rime.o)
 .text.rime_output
                0x00007668       0x24 contiki-z1.a(rime.o)
                0x00007668                rime_output
 .text.linkaddr_copy
                0x0000768c        0xc contiki-z1.a(linkaddr.o)
                0x0000768c                linkaddr_copy
 .text.linkaddr_cmp
                0x00007698       0x12 contiki-z1.a(linkaddr.o)
                0x00007698                linkaddr_cmp
 .text.linkaddr_set_node_addr
                0x000076aa        0xc contiki-z1.a(linkaddr.o)
                0x000076aa                linkaddr_set_node_addr
 .text.packetbuf_compact
                0x000076b6       0x2e contiki-z1.a(packetbuf.o)
                0x000076b6                packetbuf_compact
 .text.packetbuf_hdrreduce
                0x000076e4       0x1a contiki-z1.a(packetbuf.o)
                0x000076e4                packetbuf_hdrreduce
 .text.packetbuf_set_datalen
                0x000076fe        0x6 contiki-z1.a(packetbuf.o)
                0x000076fe                packetbuf_set_datalen
 .text.packetbuf_dataptr
                0x00007704        0xe contiki-z1.a(packetbuf.o)
                0x00007704                packetbuf_dataptr
 .text.packetbuf_hdrptr
                0x00007712        0xa contiki-z1.a(packetbuf.o)
                0x00007712                packetbuf_hdrptr
 .text.packetbuf_datalen
                0x0000771c        0x6 contiki-z1.a(packetbuf.o)
                0x0000771c                packetbuf_datalen
 .text.packetbuf_hdrlen
                0x00007722       0x10 contiki-z1.a(packetbuf.o)
                0x00007722                packetbuf_hdrlen
 .text.packetbuf_totlen
                0x00007732        0xc contiki-z1.a(packetbuf.o)
                0x00007732                packetbuf_totlen
 .text.packetbuf_hdralloc
                0x0000773e       0x2a contiki-z1.a(packetbuf.o)
                0x0000773e                packetbuf_hdralloc
 .text.packetbuf_attr_clear
                0x00007768       0x2c contiki-z1.a(packetbuf.o)
                0x00007768                packetbuf_attr_clear
 .text.packetbuf_clear
                0x00007794       0x1a contiki-z1.a(packetbuf.o)
                0x00007794                packetbuf_clear
 .text.packetbuf_copyfrom
                0x000077ae       0x2a contiki-z1.a(packetbuf.o)
                0x000077ae                packetbuf_copyfrom
 .text.packetbuf_attr_copyfrom
                0x000077d8       0x22 contiki-z1.a(packetbuf.o)
                0x000077d8                packetbuf_attr_copyfrom
 .text.packetbuf_holds_broadcast
                0x000077fa        0xe contiki-z1.a(packetbuf.o)
                0x000077fa                packetbuf_holds_broadcast
 .text.queuebuf_init
                0x00007808       0x12 contiki-z1.a(queuebuf.o)
                0x00007808                queuebuf_init
 .text.queuebuf_to_packetbuf
                0x0000781a       0x32 contiki-z1.a(queuebuf.o)
                0x0000781a                queuebuf_to_packetbuf
 .text.parse    0x0000784c       0x9e contiki-z1.a(framer-802154.o)
 .text.create_frame.isra.0
                0x000078ea      0x100 contiki-z1.a(framer-802154.o)
 .text.create   0x000079ea        0x8 contiki-z1.a(framer-802154.o)
 .text.hdr_length
                0x000079f2        0x8 contiki-z1.a(framer-802154.o)
 .text.framer_canonical_create_and_secure
                0x000079fa       0x20 contiki-z1.a(framer.o)
                0x000079fa                framer_canonical_create_and_secure
 .text.send_packet
                0x00007a1a        0x6 contiki-z1.a(nullmac.o)
 .text.packet_input
                0x00007a20        0x6 contiki-z1.a(nullmac.o)
 .text.on       0x00007a26        0x6 contiki-z1.a(nullmac.o)
 .text.off      0x00007a2c        0x6 contiki-z1.a(nullmac.o)
 .text.channel_check_interval
                0x00007a32        0x4 contiki-z1.a(nullmac.o)
 .text.init     0x00007a36        0x2 contiki-z1.a(nullmac.o)
 .text.bootstrap
                0x00007a38        0x4 contiki-z1.a(nullsec.o)
 .text.send     0x00007a3c        0xa contiki-z1.a(nullsec.o)
 .text.on_frame_created
                0x00007a46        0x4 contiki-z1.a(nullsec.o)
 .text.input    0x00007a4a        0x6 contiki-z1.a(nullsec.o)
 .text.get_overhead
                0x00007a50        0x4 contiki-z1.a(nullsec.o)
 .text.abc_open
                0x00007a54       0x1e contiki-z1.a(abc.o)
                0x00007a54                abc_open
 .text.abc_send
                0x00007a72        0x6 contiki-z1.a(abc.o)
                0x00007a72                abc_send
 .text.abc_input
                0x00007a78        0xe contiki-z1.a(abc.o)
                0x00007a78                abc_input
 .text.abc_sent
                0x00007a86       0x10 contiki-z1.a(abc.o)
                0x00007a86                abc_sent
 .text.announcement_init
                0x00007a96        0xa contiki-z1.a(announcement.o)
                0x00007a96                announcement_init
 .text.announcement_register_observer_callback
                0x00007aa0        0x6 contiki-z1.a(announcement.o)
                0x00007aa0                announcement_register_observer_callback
 .text.announcement_list
                0x00007aa6        0xa contiki-z1.a(announcement.o)
                0x00007aa6                announcement_list
 .text.announcement_heard
                0x00007ab0       0x36 contiki-z1.a(announcement.o)
                0x00007ab0                announcement_heard
 .text.adv_packet_sent
                0x00007ae6        0x2 contiki-z1.a(broadcast-annou)
 .text.adv_packet_received
                0x00007ae8       0x58 contiki-z1.a(broadcast-annou)
 .text.set_timers
                0x00007b40       0x4a contiki-z1.a(broadcast-annou)
 .text.send_timer
                0x00007b8a       0x36 contiki-z1.a(broadcast-annou)
 .text.new_announcement
                0x00007bc0       0x18 contiki-z1.a(broadcast-annou)
 .text.send_adv
                0x00007bd8       0x60 contiki-z1.a(broadcast-annou)
 .text.broadcast_announcement_init
                0x00007c38       0x44 contiki-z1.a(broadcast-annou)
                0x00007c38                broadcast_announcement_init
 .text.sent_by_abc
                0x00007c7c       0x10 contiki-z1.a(broadcast.o)
 .text.recv_from_abc
                0x00007c8c       0x26 contiki-z1.a(broadcast.o)
 .text.broadcast_open
                0x00007cb2       0x22 contiki-z1.a(broadcast.o)
                0x00007cb2                broadcast_open
 .text.broadcast_send
                0x00007cd4       0x1a contiki-z1.a(broadcast.o)
                0x00007cd4                broadcast_send
 .text.chameleon_init
                0x00007cee        0x6 contiki-z1.a(chameleon.o)
                0x00007cee                chameleon_init
 .text.chameleon_parse
                0x00007cf4       0x10 contiki-z1.a(chameleon.o)
                0x00007cf4                chameleon_parse
 .text.chameleon_create
                0x00007d04       0x1c contiki-z1.a(chameleon.o)
                0x00007d04                chameleon_create
 .text.chameleon_hdrsize
                0x00007d20        0x6 contiki-z1.a(chameleon.o)
                0x00007d20                chameleon_hdrsize
 .text.channel_init
                0x00007d26        0xa contiki-z1.a(channel.o)
                0x00007d26                channel_init
 .text.channel_open
                0x00007d30       0x10 contiki-z1.a(channel.o)
                0x00007d30                channel_open
 .text.channel_lookup
                0x00007d40       0x20 contiki-z1.a(channel.o)
                0x00007d40                channel_lookup
 .text.channel_set_attributes
                0x00007d60       0x20 contiki-z1.a(channel.o)
                0x00007d60                channel_set_attributes
 .text.field_len
                0x00007d80       0x94 contiki-z1.a(frame802154.o)
 .text.frame802154_hdrlen
                0x00007e14       0x2e contiki-z1.a(frame802154.o)
                0x00007e14                frame802154_hdrlen
 .text.frame802154_create
                0x00007e42      0x112 contiki-z1.a(frame802154.o)
                0x00007e42                frame802154_create
 .text.frame802154_parse
                0x00007f54      0x186 contiki-z1.a(frame802154.o)
                0x00007f54                frame802154_parse
 .text.header_size
                0x000080da       0x16 contiki-z1.a(chameleon-bitop)
 .text.get_bits_in_byte
                0x000080f0       0x3a contiki-z1.a(chameleon-bitop)
                0x000080f0                get_bits_in_byte
 .text.get_bits
                0x0000812a       0x8e contiki-z1.a(chameleon-bitop)
                0x0000812a                get_bits
 .text.unpack_header
                0x000081b8       0xb6 contiki-z1.a(chameleon-bitop)
 .text.set_bits_in_byte
                0x0000826e       0x2c contiki-z1.a(chameleon-bitop)
                0x0000826e                set_bits_in_byte
 .text.set_bits
                0x0000829a       0xa6 contiki-z1.a(chameleon-bitop)
                0x0000829a                set_bits
 .text.pack_header
                0x00008340       0xa0 contiki-z1.a(chameleon-bitop)
 .text.libgcc   0x000083e0       0x2a /usr/lib/gcc/msp430/4.6.3/mcpu-430x/mmpy-16/libgcc.a(_mulsi3.o)
                0x000083e0                __mulsi3
 .text.libgcc   0x0000840a       0x22 /usr/lib/gcc/msp430/4.6.3/mcpu-430x/mmpy-16/libgcc.a(_udivmod16.o)
                0x0000840a                __udivhi3
                0x0000840a                __ext_udivmod16
                0x00008424                __umodhi3
 .text.libgcc   0x0000842c       0x38 /usr/lib/gcc/msp430/4.6.3/mcpu-430x/mmpy-16/libgcc.a(_udivmod32.o)
                0x0000842c                __udivsi3
                0x0000842c                __ext_udivmod32
                0x0000845a                __umodsi3
 .text          0x00008464       0x20 /usr/lib/gcc/msp430/4.6.3/../../../../msp430/lib/mcpu-430x/mmpy-16/libc.a(memcmp.o)
                0x00008464                memcmp
 .text          0x00008484       0xe4 /usr/lib/gcc/msp430/4.6.3/../../../../msp430/lib/mcpu-430x/mmpy-16/libc.a(memcpy.o)
                0x00008484                memcpy
 .text          0x00008568       0x5c /usr/lib/gcc/msp430/4.6.3/../../../../msp430/lib/mcpu-430x/mmpy-16/libc.a(memset.o)
                0x00008568                memset
 .text          0x000085c4       0x1e /usr/lib/gcc/msp430/4.6.3/../../../../msp430/lib/mcpu-430x/mmpy-16/libc.a(printf.o)
                0x000085c4                printf
                0x000085d4                vprintf
 .text          0x000085e2      0x818 /usr/lib/gcc/msp430/4.6.3/../../../../msp430/lib/mcpu-430x/mmpy-16/libc.a(vuprintf.o)
                0x0000875e                vuprintf
 .text          0x00008dfa       0x2c /usr/lib/gcc/msp430/4.6.3/../../../../msp430/lib/mcpu-430x/mmpy-16/libc.a(puts.o)
                0x00008dfa                puts
 .text          0x00008e26       0x54 /usr/lib/gcc/msp430/4.6.3/../../../../msp430/lib/mcpu-430x/mmpy-16/libc.a(rand.o)
                0x00008e26                rand_r
                0x00008e4a                rand
                0x00008e70                srand
 .text.libgcc   0x00008e7a       0xbc /usr/lib/gcc/msp430/4.6.3/mcpu-430x/mmpy-16/libgcc.a(_udivmod64.o)
                0x00008e7a                __xabi_udivmod64
                0x00008ecc                __udivdi3
                0x00008ee6                __umoddi3
                0x00008f08                __udivmoddi4
 .text.crt0     0x00008f36        0x2 /usr/lib/gcc/msp430/4.6.3/mcpu-430x/mmpy-16/libcrt0.a(_unexpected_.o)
                0x00008f36                _unexpected_
                0x00008f38                . = ALIGN (0x2)

.rodata         0x00008f38      0x7ee
                0x00008f38                . = ALIGN (0x2)
 *(.rodata .rodata.* .gnu.linkonce.r.*)
 .rodata        0x00008f38       0x2c hello-world3.co
                0x00008f46                autostart_processes
 .rodata        0x00008f64       0xde obj_z1/contiki-z1-main.o
 .rodata        0x00009042      0x5ca contiki-z1.a(primac.o)
                0x000095fa                primac_driver
                0x0000960a                linkaddr_sink
 .rodata        0x0000960c       0x5a contiki-z1.a(cc2420.o)
                0x00009628                cc2420_aes_128_driver
                0x0000962c                cc2420_driver
 .rodata        0x00009666        0x8 contiki-z1.a(sensors.o)
 .rodata        0x0000966e       0x10 contiki-z1.a(button-sensor.o)
                0x00009676                button_sensor
 .rodata        0x0000967e       0x16 contiki-z1.a(adxl345.o)
 .rodata        0x00009694        0xf contiki-z1.a(ctimer.o)
 .rodata        0x000096a3        0xc contiki-z1.a(etimer.o)
 .rodata        0x000096af        0xe contiki-z1.a(serial-line.o)
 *fill*         0x000096bd        0x1 00
 .rodata        0x000096be        0xc contiki-z1.a(rime.o)
                0x000096c4                rime_driver
 .rodata        0x000096ca        0x2 contiki-z1.a(linkaddr.o)
                0x000096ca                linkaddr_null
 .rodata        0x000096cc        0x8 contiki-z1.a(framer-802154.o)
                0x000096cc                framer_802154
 .rodata        0x000096d4       0x16 contiki-z1.a(nullmac.o)
                0x000096dc                nullmac_driver
 .rodata        0x000096ea       0x14 contiki-z1.a(nullsec.o)
                0x000096f2                nullsec_driver
 .rodata        0x000096fe        0x2 contiki-z1.a(abc.o)
 .rodata        0x00009700        0x4 contiki-z1.a(broadcast-annou)
 .rodata        0x00009704        0x8 contiki-z1.a(broadcast.o)
 .rodata        0x0000970c        0x2 contiki-z1.a(frame802154.o)
 .rodata        0x0000970e       0x10 contiki-z1.a(chameleon-bitop)
                0x0000970e                chameleon_bitopt
 .rodata        0x0000971e        0x7 /usr/lib/gcc/msp430/4.6.3/../../../../msp430/lib/mcpu-430x/mmpy-16/libc.a(vuprintf.o)
                0x00009726                . = ALIGN (0x2)
 *fill*         0x00009725        0x1 00
                0x00009726                _etext = .

.data           0x00001100       0x90 load address 0x00009726
                0x00001100                . = ALIGN (0x2)
                0x00001100                PROVIDE (__data_start, .)
 *(.data .data.* .gnu.linkonce.d.*)
 .data          0x00001100        0xa hello-world3.co
                0x00001100                hello_world_process
 .data          0x0000110a        0x4 obj_z1/contiki-z1-main.o
                0x0000110a                sensors
 .data          0x0000110e       0x18 contiki-z1.a(primac.o)
 .data          0x00001126        0x2 contiki-z1.a(msp430.o)
 .data          0x00001128        0xa contiki-z1.a(cc2420.o)
                0x00001128                cc2420_process
 .data          0x00001132        0xa contiki-z1.a(sensors.o)
                0x00001132                sensors_process
 .data          0x0000113c        0x1 contiki-z1.a(i2cmaster.o)
                0x0000113c                prescale_lsb
 *fill*         0x0000113d        0x1 00
 .data          0x0000113e       0x20 contiki-z1.a(adxl345.o)
                0x0000113e                accmeter_process
 .data          0x0000115e        0xa contiki-z1.a(ctimer.o)
                0x0000115e                ctimer_process
 .data          0x00001168        0xa contiki-z1.a(etimer.o)
                0x00001168                etimer_process
 .data          0x00001172        0xa contiki-z1.a(serial-line.o)
                0x00001172                serial_line_process
 .data          0x0000117c       0x10 contiki-z1.a(queuebuf.o)
 .data          0x0000118c        0x4 /usr/lib/gcc/msp430/4.6.3/../../../../msp430/lib/mcpu-430x/mmpy-16/libc.a(rand.o)
                0x00001190                . = ALIGN (0x2)
                0x00001190                _edata = .
                0x00009726                PROVIDE (__data_load_start, LOADADDR (.data))
                0x00000090                PROVIDE (__data_size, SIZEOF (.data))

.bss            0x00001190      0x632 load address 0x000097b6
                0x00001190                PROVIDE (__bss_start, .)
 *(.bss .bss.*)
 .bss           0x00001190       0x18 hello-world3.co
 .bss           0x000011a8        0x4 obj_z1/contiki-z1-main.o
 .bss           0x000011ac      0x294 contiki-z1.a(primac.o)
 .bss           0x00001440        0x1 contiki-z1.a(leds.o)
 *fill*         0x00001441        0x1 00
 .bss           0x00001442        0x2 contiki-z1.a(watchdog.o)
 .bss           0x00001444        0x8 contiki-z1.a(cc2420.o)
 .bss           0x0000144c        0x2 contiki-z1.a(node-id.o)
                0x0000144c                node_id
 .bss           0x0000144e        0x6 contiki-z1.a(sensors.o)
 .bss           0x00001454        0x8 contiki-z1.a(button-sensor.o)
 .bss           0x0000145c        0x4 contiki-z1.a(uart0.o)
 .bss           0x00001460        0x2 contiki-z1.a(tmp102.o)
 .bss           0x00001462        0x4 contiki-z1.a(i2cmaster.o)
                0x00001462                prescale_msb
 .bss           0x00001466       0x16 contiki-z1.a(adxl345.o)
 .bss           0x0000147c        0xa contiki-z1.a(clock.o)
 .bss           0x00001486        0x8 contiki-z1.a(compower.o)
 .bss           0x0000148e        0x4 contiki-z1.a(ctimer.o)
 .bss           0x00001492        0x6 contiki-z1.a(etimer.o)
 .bss           0x00001498       0x42 contiki-z1.a(process.o)
                0x00001498                process_current
                0x0000149a                process_list
 .bss           0x000014da        0x2 contiki-z1.a(rtimer.o)
 .bss           0x000014dc      0x10a contiki-z1.a(serial-line.o)
 .bss           0x000015e6        0x2 contiki-z1.a(rime.o)
 .bss           0x000015e8       0xb8 contiki-z1.a(packetbuf.o)
 .bss           0x000016a0        0x0 contiki-z1.a(queuebuf.o)
 .bss           0x000016a0        0x2 contiki-z1.a(framer-802154.o)
 .bss           0x000016a2        0x6 contiki-z1.a(announcement.o)
 .bss           0x000016a8       0x46 contiki-z1.a(broadcast-annou)
 .bss           0x000016ee        0x2 contiki-z1.a(channel.o)
 *(COMMON)
 COMMON         0x000016f0        0x2 obj_z1/contiki-z1-main.o
                0x000016f0                sensors_flags
 COMMON         0x000016f2       0x10 contiki-z1.a(cc2420.o)
                0x000016f2                cc2420_last_rssi
                0x000016f4                cc2420_sfd_start_time
                0x000016f6                cc2420_time_of_departure
                0x000016f8                cc2420_time_of_arrival
                0x000016fa                cc2420_last_correlation
                0x000016fc                cc2420_authority_level_of_sender
                0x000016fe                cc2420_sfd_counter
                0x00001700                cc2420_sfd_end_time
 COMMON         0x00001702        0x8 contiki-z1.a(node-id.o)
                0x00001702                node_mac
 COMMON         0x0000170a        0x1 contiki-z1.a(sensors.o)
                0x0000170a                sensors_event
 *fill*         0x0000170b        0x1 00
 COMMON         0x0000170c       0x10 contiki-z1.a(i2cmaster.o)
                0x0000170c                transmit_data1
                0x0000170d                rx_byte_ctr
                0x0000170e                tx_buf_ptr
                0x00001710                tx_byte_ctr
                0x00001712                i
                0x00001714                receive_data
                0x00001716                rx_buf
                0x00001718                transmit_data2
                0x0000171a                rx_buf_ptr
 COMMON         0x0000171c        0x7 contiki-z1.a(adxl345.o)
                0x0000171c                accm_int2_cb
                0x0000171e                int2_event
                0x00001720                accm_int1_cb
                0x00001722                int1_event
 *fill*         0x00001723        0x1 00
 COMMON         0x00001724        0x8 contiki-z1.a(compower.o)
                0x00001724                compower_idle_activity
 COMMON         0x0000172c       0x56 contiki-z1.a(energest.o)
                0x0000172c                energest_total_time
                0x0000175c                energest_total_count
                0x0000175e                energest_current_mode
                0x0000176a                energest_current_time
 COMMON         0x00001782        0x1 contiki-z1.a(process.o)
                0x00001782                process_maxevents
 COMMON         0x00001783        0x1 contiki-z1.a(serial-line.o)
                0x00001783                serial_line_event_message
 COMMON         0x00001784        0x2 contiki-z1.a(linkaddr.o)
                0x00001784                linkaddr_node_addr
 COMMON         0x00001786       0x3c contiki-z1.a(packetbuf.o)
                0x00001786                packetbuf_addrs
                0x0000178e                packetbuf_attrs
                0x000017c2                . = ALIGN (0x2)
                0x000017c2                PROVIDE (__bss_end, .)
                0x00000632                PROVIDE (__bss_size, SIZEOF (.bss))

.noinit         0x000017c2        0x2 load address 0x000097b6
                0x000017c2                PROVIDE (__noinit_start, .)
 *(.noinit .noinit.*)
 .noinit.crt0   0x000017c2        0x2 /usr/lib/gcc/msp430/4.6.3/mcpu-430x/mmpy-16/libcrt0.a(__watchdog_support.o)
                0x000017c2                __wdt_clear_value
                0x000017c4                . = ALIGN (0x2)
                0x000017c4                PROVIDE (__noinit_end, .)
                0x000017c4                . = ALIGN (0x2)
                0x000017c4                _end = .

.infomem        0x00001000        0x0
 *(.infomem)
                0x00001000                . = ALIGN (0x2)
 *(.infomem.*)

.infomemnobits  0x00001000        0x0
 *(.infomemnobits)
                0x00001000                . = ALIGN (0x2)
 *(.infomemnobits.*)

.infoa
 *(.infoa .infoa.*)

.infob
 *(.infob .infob.*)

.infoc
 *(.infoc .infoc.*)

.infod
 *(.infod .infod.*)

.vectors        0x0000ffc0       0x40
                0x0000ffc0                PROVIDE (__vectors_start, .)
 *(.vectors*)
 .vectors       0x0000ffc0       0x40 /usr/lib/gcc/msp430/4.6.3/mcpu-430x/mmpy-16/crt0ivtbl32.o
                0x0000ffc0                __ivtbl_32
                0x00010000                _vectors_end = .

.fartext        0x00010000        0x0
                0x00010000                . = ALIGN (0x2)
 *(.fartext)
                0x00010000                . = ALIGN (0x2)
 *(.fartext.*)
                0x00010000                _efartext = .

.profiler
 *(.profiler)

.stab           0x00000000    0x1b6e4
 *(.stab)
 .stab          0x00000000     0x12b4 hello-world3.co
 .stab          0x000012b4      0xfb4 obj_z1/contiki-z1-main.o
                               0x17c4 (size before relaxing)
 .stab          0x00002268     0x3d14 contiki-z1.a(primac.o)
                               0x4704 (size before relaxing)
 .stab          0x00005f7c      0x240 contiki-z1.a(contiki-z1-plat)
                                0x5a0 (size before relaxing)
 .stab          0x000061bc      0x4a4 contiki-z1.a(msp430.o)
                                0x7f8 (size before relaxing)
 .stab          0x00006660      0x5a0 contiki-z1.a(leds.o)
                                0x828 (size before relaxing)
 .stab          0x00006c00      0x3fc contiki-z1.a(watchdog.o)
                                0x750 (size before relaxing)
 .stab          0x00006ffc      0x9fc contiki-z1.a(xmem.o)
                                0xf3c (size before relaxing)
 .stab          0x000079f8      0x288 contiki-z1.a(spi.o)
                                0x5dc (size before relaxing)
 .stab          0x00007c80     0x258c contiki-z1.a(cc2420.o)
                               0x2cd0 (size before relaxing)
 .stab          0x0000a20c      0xbac contiki-z1.a(cc2420-arch.o)
                               0x1380 (size before relaxing)
 .stab          0x0000adb8      0x300 contiki-z1.a(node-id.o)
                                0x6d8 (size before relaxing)
 .stab          0x0000b0b8      0x654 contiki-z1.a(sensors.o)
                                0xb70 (size before relaxing)
 .stab          0x0000b70c      0x468 contiki-z1.a(button-sensor.o)
                                0x7d4 (size before relaxing)
 .stab          0x0000bb74      0x51c contiki-z1.a(uart0.o)
                                0xa2c (size before relaxing)
 .stab          0x0000c090      0x264 contiki-z1.a(uart0-putchar.o)
                                0x78c (size before relaxing)
 .stab          0x0000c2f4      0x60c contiki-z1.a(tmp102.o)
                                0xb4c (size before relaxing)
 .stab          0x0000c900      0x894 contiki-z1.a(i2cmaster.o)
                                0xbe8 (size before relaxing)
 .stab          0x0000d194      0xb10 contiki-z1.a(adxl345.o)
                               0x1128 (size before relaxing)
 .stab          0x0000dca4      0x948 contiki-z1.a(clock.o)
                                0xc9c (size before relaxing)
 .stab          0x0000e5ec      0x3a8 contiki-z1.a(leds-arch.o)
                                0x6fc (size before relaxing)
 .stab          0x0000e994      0x3cc contiki-z1.a(rtimer-arch.o)
                                0x720 (size before relaxing)
 .stab          0x0000ed60      0x294 contiki-z1.a(autostart.o)
                                0x534 (size before relaxing)
 .stab          0x0000eff4      0x51c contiki-z1.a(compower.o)
                                0xd20 (size before relaxing)
 .stab          0x0000f510      0x7a4 contiki-z1.a(ctimer.o)
                                0xb10 (size before relaxing)
 .stab          0x0000fcb4      0x474 contiki-z1.a(energest.o)
                                0x6fc (size before relaxing)
 .stab          0x00010128      0xa38 contiki-z1.a(etimer.o)
                                0xd08 (size before relaxing)
 .stab          0x00010b60      0xb7c contiki-z1.a(process.o)
                               0x1014 (size before relaxing)
 .stab          0x000116dc      0x36c contiki-z1.a(rtimer.o)
                                0x6c0 (size before relaxing)
 .stab          0x00011a48      0x354 contiki-z1.a(timer.o)
                                0x594 (size before relaxing)
 .stab          0x00011d9c      0x534 contiki-z1.a(serial-line.o)
                                0xa50 (size before relaxing)
 .stab          0x000122d0      0x7f8 contiki-z1.a(list.o)
                                0x804 (size before relaxing)
 .stab          0x00012ac8      0x5c4 contiki-z1.a(memb.o)
                                0xaf8 (size before relaxing)
 .stab          0x0001308c      0x228 contiki-z1.a(random.o)
                                0x624 (size before relaxing)
 .stab          0x000132b4      0x3fc contiki-z1.a(ringbuf.o)
                                0x63c (size before relaxing)
 .stab          0x000136b0      0x8d0 contiki-z1.a(rime.o)
                               0x141c (size before relaxing)
 .stab          0x00013f80      0x2c4 contiki-z1.a(linkaddr.o)
                                0x6c0 (size before relaxing)
 .stab          0x00014244      0xda4 contiki-z1.a(packetbuf.o)
                               0x1bf0 (size before relaxing)
 .stab          0x00014fe8      0xa5c contiki-z1.a(queuebuf.o)
                               0x1890 (size before relaxing)
 .stab          0x00015a44      0x948 contiki-z1.a(framer-802154.o)
                                0xf6c (size before relaxing)
 .stab          0x0001638c      0x3fc contiki-z1.a(framer.o)
                                0xc54 (size before relaxing)
 .stab          0x00016788      0x8a0 contiki-z1.a(nullmac.o)
                                0xdd4 (size before relaxing)
 .stab          0x00017028      0x66c contiki-z1.a(nullsec.o)
                                0xda4 (size before relaxing)
 .stab          0x00017694      0x66c contiki-z1.a(abc.o)
                               0x14a0 (size before relaxing)
 .stab          0x00017d00      0x6e4 contiki-z1.a(announcement.o)
                                0x984 (size before relaxing)
 .stab          0x000183e4      0x96c contiki-z1.a(broadcast-annou)
                               0x15c0 (size before relaxing)
 .stab          0x00018d50      0x6d8 contiki-z1.a(broadcast.o)
                               0x150c (size before relaxing)
 .stab          0x00019428      0x5e8 contiki-z1.a(chameleon.o)
                               0x123c (size before relaxing)
 .stab          0x00019a10      0x624 contiki-z1.a(channel.o)
                               0x129c (size before relaxing)
 .stab          0x0001a034      0x924 contiki-z1.a(frame802154.o)
                               0x10f8 (size before relaxing)
 .stab          0x0001a958      0xd8c contiki-z1.a(chameleon-bitop)
                               0x1a04 (size before relaxing)

.stabstr        0x00000000    0x18bb9
 *(.stabstr)
 .stabstr       0x00000000    0x18bb9 hello-world3.co

.stab.excl
 *(.stab.excl)

.stab.exclstr
 *(.stab.exclstr)

.stab.index
 *(.stab.index)

.stab.indexstr
 *(.stab.indexstr)

.comment
 *(.comment)

.debug
 *(.debug)

.line
 *(.line)

.debug_srcinfo
 *(.debug_srcinfo)

.debug_sfnames
 *(.debug_sfnames)

.debug_aranges  0x00000000      0x17c
 *(.debug_aranges)
 .debug_aranges
                0x00000000       0x14 /usr/lib/gcc/msp430/4.6.3/mcpu-430x/mmpy-16/libgcc.a(_mulsi3.o)
 .debug_aranges
                0x00000014       0x14 /usr/lib/gcc/msp430/4.6.3/mcpu-430x/mmpy-16/libgcc.a(_udivmod16.o)
 .debug_aranges
                0x00000028       0x14 /usr/lib/gcc/msp430/4.6.3/mcpu-430x/mmpy-16/libgcc.a(_divmod16.o)
 .debug_aranges
                0x0000003c       0x14 /usr/lib/gcc/msp430/4.6.3/mcpu-430x/mmpy-16/libgcc.a(_udivmod32.o)
 .debug_aranges
                0x00000050       0x14 /usr/lib/gcc/msp430/4.6.3/../../../../msp430/lib/mcpu-430x/mmpy-16/libc.a(strncmp.o)
 .debug_aranges
                0x00000064       0x14 /usr/lib/gcc/msp430/4.6.3/../../../../msp430/lib/mcpu-430x/mmpy-16/libc.a(memcmp.o)
 .debug_aranges
                0x00000078       0x14 /usr/lib/gcc/msp430/4.6.3/../../../../msp430/lib/mcpu-430x/mmpy-16/libc.a(memcpy.o)
 .debug_aranges
                0x0000008c       0x14 /usr/lib/gcc/msp430/4.6.3/../../../../msp430/lib/mcpu-430x/mmpy-16/libc.a(memset.o)
 .debug_aranges
                0x000000a0       0x14 /usr/lib/gcc/msp430/4.6.3/../../../../msp430/lib/mcpu-430x/mmpy-16/libc.a(printf.o)
 .debug_aranges
                0x000000b4       0x14 /usr/lib/gcc/msp430/4.6.3/../../../../msp430/lib/mcpu-430x/mmpy-16/libc.a(vuprintf.o)
 .debug_aranges
                0x000000c8       0x14 /usr/lib/gcc/msp430/4.6.3/../../../../msp430/lib/mcpu-430x/mmpy-16/libc.a(puts.o)
 .debug_aranges
                0x000000dc       0x14 /usr/lib/gcc/msp430/4.6.3/../../../../msp430/lib/mcpu-430x/mmpy-16/libc.a(rand.o)
 .debug_aranges
                0x000000f0       0x14 /usr/lib/gcc/msp430/4.6.3/mcpu-430x/mmpy-16/libgcc.a(_udivmod64.o)
 .debug_aranges
                0x00000104       0x14 /usr/lib/gcc/msp430/4.6.3/mcpu-430x/mmpy-16/libcrt0.a(__watchdog_support.o)
 .debug_aranges
                0x00000118       0x14 /usr/lib/gcc/msp430/4.6.3/mcpu-430x/mmpy-16/libcrt0.a(__init_stack.o)
 .debug_aranges
                0x0000012c       0x14 /usr/lib/gcc/msp430/4.6.3/mcpu-430x/mmpy-16/libcrt0.a(_copy_data.o)
 .debug_aranges
                0x00000140       0x14 /usr/lib/gcc/msp430/4.6.3/mcpu-430x/mmpy-16/libcrt0.a(_clear_bss.o)
 .debug_aranges
                0x00000154       0x14 /usr/lib/gcc/msp430/4.6.3/mcpu-430x/mmpy-16/libcrt0.a(_endless_loop__.o)
 .debug_aranges
                0x00000168       0x14 /usr/lib/gcc/msp430/4.6.3/mcpu-430x/mmpy-16/libcrt0.a(_unexpected_.o)

.debug_pubnames
 *(.debug_pubnames)

.debug_info     0x00000000     0x14a3
 *(.debug_info)
 .debug_info    0x00000000       0xe0 /usr/lib/gcc/msp430/4.6.3/mcpu-430x/mmpy-16/libgcc.a(_mulsi3.o)
 .debug_info    0x000000e0       0xe0 /usr/lib/gcc/msp430/4.6.3/mcpu-430x/mmpy-16/libgcc.a(_udivmod16.o)
 .debug_info    0x000001c0       0xe0 /usr/lib/gcc/msp430/4.6.3/mcpu-430x/mmpy-16/libgcc.a(_divmod16.o)
 .debug_info    0x000002a0       0xe0 /usr/lib/gcc/msp430/4.6.3/mcpu-430x/mmpy-16/libgcc.a(_udivmod32.o)
 .debug_info    0x00000380       0xbb /usr/lib/gcc/msp430/4.6.3/../../../../msp430/lib/mcpu-430x/mmpy-16/libc.a(strncmp.o)
 .debug_info    0x0000043b       0xe8 /usr/lib/gcc/msp430/4.6.3/../../../../msp430/lib/mcpu-430x/mmpy-16/libc.a(memcmp.o)
 .debug_info    0x00000523      0x113 /usr/lib/gcc/msp430/4.6.3/../../../../msp430/lib/mcpu-430x/mmpy-16/libc.a(memcpy.o)
 .debug_info    0x00000636       0xfe /usr/lib/gcc/msp430/4.6.3/../../../../msp430/lib/mcpu-430x/mmpy-16/libc.a(memset.o)
 .debug_info    0x00000734      0x105 /usr/lib/gcc/msp430/4.6.3/../../../../msp430/lib/mcpu-430x/mmpy-16/libc.a(printf.o)
 .debug_info    0x00000839      0x565 /usr/lib/gcc/msp430/4.6.3/../../../../msp430/lib/mcpu-430x/mmpy-16/libc.a(vuprintf.o)
 .debug_info    0x00000d9e       0x96 /usr/lib/gcc/msp430/4.6.3/../../../../msp430/lib/mcpu-430x/mmpy-16/libc.a(puts.o)
 .debug_info    0x00000e34      0x13f /usr/lib/gcc/msp430/4.6.3/../../../../msp430/lib/mcpu-430x/mmpy-16/libc.a(rand.o)
 .debug_info    0x00000f73       0xe0 /usr/lib/gcc/msp430/4.6.3/mcpu-430x/mmpy-16/libgcc.a(_udivmod64.o)
 .debug_info    0x00001053       0xb8 /usr/lib/gcc/msp430/4.6.3/mcpu-430x/mmpy-16/libcrt0.a(__watchdog_support.o)
 .debug_info    0x0000110b       0xb8 /usr/lib/gcc/msp430/4.6.3/mcpu-430x/mmpy-16/libcrt0.a(__init_stack.o)
 .debug_info    0x000011c3       0xb8 /usr/lib/gcc/msp430/4.6.3/mcpu-430x/mmpy-16/libcrt0.a(_copy_data.o)
 .debug_info    0x0000127b       0xb8 /usr/lib/gcc/msp430/4.6.3/mcpu-430x/mmpy-16/libcrt0.a(_clear_bss.o)
 .debug_info    0x00001333       0xb8 /usr/lib/gcc/msp430/4.6.3/mcpu-430x/mmpy-16/libcrt0.a(_endless_loop__.o)
 .debug_info    0x000013eb       0xb8 /usr/lib/gcc/msp430/4.6.3/mcpu-430x/mmpy-16/libcrt0.a(_unexpected_.o)
 *(.gnu.linkonce.wi.*)

.debug_abbrev   0x00000000      0x735
 *(.debug_abbrev)
 .debug_abbrev  0x00000000       0x14 /usr/lib/gcc/msp430/4.6.3/mcpu-430x/mmpy-16/libgcc.a(_mulsi3.o)
 .debug_abbrev  0x00000014       0x14 /usr/lib/gcc/msp430/4.6.3/mcpu-430x/mmpy-16/libgcc.a(_udivmod16.o)
 .debug_abbrev  0x00000028       0x14 /usr/lib/gcc/msp430/4.6.3/mcpu-430x/mmpy-16/libgcc.a(_divmod16.o)
 .debug_abbrev  0x0000003c       0x14 /usr/lib/gcc/msp430/4.6.3/mcpu-430x/mmpy-16/libgcc.a(_udivmod32.o)
 .debug_abbrev  0x00000050       0x7c /usr/lib/gcc/msp430/4.6.3/../../../../msp430/lib/mcpu-430x/mmpy-16/libc.a(strncmp.o)
 .debug_abbrev  0x000000cc       0x9b /usr/lib/gcc/msp430/4.6.3/../../../../msp430/lib/mcpu-430x/mmpy-16/libc.a(memcmp.o)
 .debug_abbrev  0x00000167       0x97 /usr/lib/gcc/msp430/4.6.3/../../../../msp430/lib/mcpu-430x/mmpy-16/libc.a(memcpy.o)
 .debug_abbrev  0x000001fe       0x9c /usr/lib/gcc/msp430/4.6.3/../../../../msp430/lib/mcpu-430x/mmpy-16/libc.a(memset.o)
 .debug_abbrev  0x0000029a       0xd0 /usr/lib/gcc/msp430/4.6.3/../../../../msp430/lib/mcpu-430x/mmpy-16/libc.a(printf.o)
 .debug_abbrev  0x0000036a      0x1ef /usr/lib/gcc/msp430/4.6.3/../../../../msp430/lib/mcpu-430x/mmpy-16/libc.a(vuprintf.o)
 .debug_abbrev  0x00000559       0x60 /usr/lib/gcc/msp430/4.6.3/../../../../msp430/lib/mcpu-430x/mmpy-16/libc.a(puts.o)
 .debug_abbrev  0x000005b9       0xf0 /usr/lib/gcc/msp430/4.6.3/../../../../msp430/lib/mcpu-430x/mmpy-16/libc.a(rand.o)
 .debug_abbrev  0x000006a9       0x14 /usr/lib/gcc/msp430/4.6.3/mcpu-430x/mmpy-16/libgcc.a(_udivmod64.o)
 .debug_abbrev  0x000006bd       0x14 /usr/lib/gcc/msp430/4.6.3/mcpu-430x/mmpy-16/libcrt0.a(__watchdog_support.o)
 .debug_abbrev  0x000006d1       0x14 /usr/lib/gcc/msp430/4.6.3/mcpu-430x/mmpy-16/libcrt0.a(__init_stack.o)
 .debug_abbrev  0x000006e5       0x14 /usr/lib/gcc/msp430/4.6.3/mcpu-430x/mmpy-16/libcrt0.a(_copy_data.o)
 .debug_abbrev  0x000006f9       0x14 /usr/lib/gcc/msp430/4.6.3/mcpu-430x/mmpy-16/libcrt0.a(_clear_bss.o)
 .debug_abbrev  0x0000070d       0x14 /usr/lib/gcc/msp430/4.6.3/mcpu-430x/mmpy-16/libcrt0.a(_endless_loop__.o)
 .debug_abbrev  0x00000721       0x14 /usr/lib/gcc/msp430/4.6.3/mcpu-430x/mmpy-16/libcrt0.a(_unexpected_.o)

.debug_line     0x00000000      0xcf1
 *(.debug_line)
 .debug_line    0x00000000       0xa2 /usr/lib/gcc/msp430/4.6.3/mcpu-430x/mmpy-16/libgcc.a(_mulsi3.o)
 .debug_line    0x000000a2       0x9c /usr/lib/gcc/msp430/4.6.3/mcpu-430x/mmpy-16/libgcc.a(_udivmod16.o)
 .debug_line    0x0000013e       0xa7 /usr/lib/gcc/msp430/4.6.3/mcpu-430x/mmpy-16/libgcc.a(_divmod16.o)
 .debug_line    0x000001e5       0xa7 /usr/lib/gcc/msp430/4.6.3/mcpu-430x/mmpy-16/libgcc.a(_udivmod32.o)
 .debug_line    0x0000028c       0x75 /usr/lib/gcc/msp430/4.6.3/../../../../msp430/lib/mcpu-430x/mmpy-16/libc.a(strncmp.o)
 .debug_line    0x00000301       0x73 /usr/lib/gcc/msp430/4.6.3/../../../../msp430/lib/mcpu-430x/mmpy-16/libc.a(memcmp.o)
 .debug_line    0x00000374       0xe9 /usr/lib/gcc/msp430/4.6.3/../../../../msp430/lib/mcpu-430x/mmpy-16/libc.a(memcpy.o)
 .debug_line    0x0000045d       0xc8 /usr/lib/gcc/msp430/4.6.3/../../../../msp430/lib/mcpu-430x/mmpy-16/libc.a(memset.o)
 .debug_line    0x00000525       0x72 /usr/lib/gcc/msp430/4.6.3/../../../../msp430/lib/mcpu-430x/mmpy-16/libc.a(printf.o)
 .debug_line    0x00000597      0x2ce /usr/lib/gcc/msp430/4.6.3/../../../../msp430/lib/mcpu-430x/mmpy-16/libc.a(vuprintf.o)
 .debug_line    0x00000865       0x4d /usr/lib/gcc/msp430/4.6.3/../../../../msp430/lib/mcpu-430x/mmpy-16/libc.a(puts.o)
 .debug_line    0x000008b2       0x4f /usr/lib/gcc/msp430/4.6.3/../../../../msp430/lib/mcpu-430x/mmpy-16/libc.a(rand.o)
 .debug_line    0x00000901       0xd5 /usr/lib/gcc/msp430/4.6.3/mcpu-430x/mmpy-16/libgcc.a(_udivmod64.o)
 .debug_line    0x000009d6       0x84 /usr/lib/gcc/msp430/4.6.3/mcpu-430x/mmpy-16/libcrt0.a(__watchdog_support.o)
 .debug_line    0x00000a5a       0x82 /usr/lib/gcc/msp430/4.6.3/mcpu-430x/mmpy-16/libcrt0.a(__init_stack.o)
 .debug_line    0x00000adc       0x88 /usr/lib/gcc/msp430/4.6.3/mcpu-430x/mmpy-16/libcrt0.a(_copy_data.o)
 .debug_line    0x00000b64       0x88 /usr/lib/gcc/msp430/4.6.3/mcpu-430x/mmpy-16/libcrt0.a(_clear_bss.o)
 .debug_line    0x00000bec       0x83 /usr/lib/gcc/msp430/4.6.3/mcpu-430x/mmpy-16/libcrt0.a(_endless_loop__.o)
 .debug_line    0x00000c6f       0x82 /usr/lib/gcc/msp430/4.6.3/mcpu-430x/mmpy-16/libcrt0.a(_unexpected_.o)

.debug_frame    0x00000000      0x1ac
 *(.debug_frame)
 .debug_frame   0x00000000       0x24 /usr/lib/gcc/msp430/4.6.3/../../../../msp430/lib/mcpu-430x/mmpy-16/libc.a(strncmp.o)
 .debug_frame   0x00000024       0x24 /usr/lib/gcc/msp430/4.6.3/../../../../msp430/lib/mcpu-430x/mmpy-16/libc.a(memcmp.o)
 .debug_frame   0x00000048       0x2c /usr/lib/gcc/msp430/4.6.3/../../../../msp430/lib/mcpu-430x/mmpy-16/libc.a(memcpy.o)
 .debug_frame   0x00000074       0x2a /usr/lib/gcc/msp430/4.6.3/../../../../msp430/lib/mcpu-430x/mmpy-16/libc.a(memset.o)
 .debug_frame   0x0000009e       0x2a /usr/lib/gcc/msp430/4.6.3/../../../../msp430/lib/mcpu-430x/mmpy-16/libc.a(printf.o)
 .debug_frame   0x000000c8       0x84 /usr/lib/gcc/msp430/4.6.3/../../../../msp430/lib/mcpu-430x/mmpy-16/libc.a(vuprintf.o)
 .debug_frame   0x0000014c       0x24 /usr/lib/gcc/msp430/4.6.3/../../../../msp430/lib/mcpu-430x/mmpy-16/libc.a(puts.o)
 .debug_frame   0x00000170       0x3c /usr/lib/gcc/msp430/4.6.3/../../../../msp430/lib/mcpu-430x/mmpy-16/libc.a(rand.o)

.debug_str      0x00000000      0x3dc
 *(.debug_str)
 .debug_str     0x00000000       0xc4 /usr/lib/gcc/msp430/4.6.3/../../../../msp430/lib/mcpu-430x/mmpy-16/libc.a(strncmp.o)
                                 0xfd (size before relaxing)
 .debug_str     0x000000c4       0x19 /usr/lib/gcc/msp430/4.6.3/../../../../msp430/lib/mcpu-430x/mmpy-16/libc.a(memcmp.o)
                                 0xfb (size before relaxing)
 .debug_str     0x000000dd       0x34 /usr/lib/gcc/msp430/4.6.3/../../../../msp430/lib/mcpu-430x/mmpy-16/libc.a(memcpy.o)
                                0x116 (size before relaxing)
 .debug_str     0x00000111       0x26 /usr/lib/gcc/msp430/4.6.3/../../../../msp430/lib/mcpu-430x/mmpy-16/libc.a(memset.o)
                                0x114 (size before relaxing)
 .debug_str     0x00000137       0x40 /usr/lib/gcc/msp430/4.6.3/../../../../msp430/lib/mcpu-430x/mmpy-16/libc.a(printf.o)
                                0x12a (size before relaxing)
 .debug_str     0x00000177      0x221 /usr/lib/gcc/msp430/4.6.3/../../../../msp430/lib/mcpu-430x/mmpy-16/libc.a(vuprintf.o)
                                0x375 (size before relaxing)
 .debug_str     0x00000398       0x15 /usr/lib/gcc/msp430/4.6.3/../../../../msp430/lib/mcpu-430x/mmpy-16/libc.a(puts.o)
                                 0xf0 (size before relaxing)
 .debug_str     0x000003ad       0x2f /usr/lib/gcc/msp430/4.6.3/../../../../msp430/lib/mcpu-430x/mmpy-16/libc.a(rand.o)
                                0x10f (size before relaxing)

.debug_loc      0x00000000      0xa4d
 *(.debug_loc)
 .debug_loc     0x00000000       0x38 /usr/lib/gcc/msp430/4.6.3/../../../../msp430/lib/mcpu-430x/mmpy-16/libc.a(strncmp.o)
 .debug_loc     0x00000038       0x5e /usr/lib/gcc/msp430/4.6.3/../../../../msp430/lib/mcpu-430x/mmpy-16/libc.a(memcmp.o)
 .debug_loc     0x00000096      0x1d0 /usr/lib/gcc/msp430/4.6.3/../../../../msp430/lib/mcpu-430x/mmpy-16/libc.a(memcpy.o)
 .debug_loc     0x00000266       0xc3 /usr/lib/gcc/msp430/4.6.3/../../../../msp430/lib/mcpu-430x/mmpy-16/libc.a(memset.o)
 .debug_loc     0x00000329       0x38 /usr/lib/gcc/msp430/4.6.3/../../../../msp430/lib/mcpu-430x/mmpy-16/libc.a(printf.o)
 .debug_loc     0x00000361      0x697 /usr/lib/gcc/msp430/4.6.3/../../../../msp430/lib/mcpu-430x/mmpy-16/libc.a(vuprintf.o)
 .debug_loc     0x000009f8       0x26 /usr/lib/gcc/msp430/4.6.3/../../../../msp430/lib/mcpu-430x/mmpy-16/libc.a(puts.o)
 .debug_loc     0x00000a1e       0x2f /usr/lib/gcc/msp430/4.6.3/../../../../msp430/lib/mcpu-430x/mmpy-16/libc.a(rand.o)

.debug_macinfo
 *(.debug_macinfo)

.debug_pubtypes
 *(.debug_pubtypes)

.debug_ranges   0x00000000       0x18
 *(.debug_ranges)
 .debug_ranges  0x00000000       0x18 /usr/lib/gcc/msp430/4.6.3/../../../../msp430/lib/mcpu-430x/mmpy-16/libc.a(vuprintf.o)
                0x00003100                PROVIDE (__stack, (ORIGIN (ram) + 0x2000))
                0x00009726                PROVIDE (__data_start_rom, _etext)
                0x000097b6                PROVIDE (__data_end_rom, (_etext + SIZEOF (.data)))
OUTPUT(hello-world3.z1 elf32-msp430)
